SQL> SET PAGES 200 LINES 200
SQL> SELECT *
  2  FROM EMP;

     EMPNO ENAME      JOB              MGR HIREDATE         SAL       COMM     DEPTNO                                                                                                                   
---------- ---------- --------- ---------- --------- ---------- ---------- ----------                                                                                                                   
      7369 SMITH      CLERK           7902 17-DEC-80        800                    20                                                                                                                   
      7499 ALLEN      SALESMAN        7698 20-FEB-81       1600        300         30                                                                                                                   
      7521 WARD       SALESMAN        7698 22-FEB-81       1250        500         30                                                                                                                   
      7566 JONES      MANAGER         7839 02-APR-81       2975                    20                                                                                                                   
      7654 MARTIN     SALESMAN        7698 28-SEP-81       1250       1400         30                                                                                                                   
      7698 BLAKE      MANAGER         7839 01-MAY-81       2850                    30                                                                                                                   
      7782 CLARK      MANAGER         7839 09-JUN-81       2450                    10                                                                                                                   
      7788 SCOTT      ANALYST         7566 19-APR-87       3000                    20                                                                                                                   
      7839 KING       PRESIDENT            17-NOV-81       5000                    10                                                                                                                   
      7844 TURNER     SALESMAN        7698 08-SEP-81       1500          0         30                                                                                                                   
      7876 ADAMS      CLERK           7788 23-MAY-87       1100                    20                                                                                                                   
      7900 JAMES      CLERK           7698 03-DEC-81        950                    30                                                                                                                   
      7902 FORD       ANALYST         7566 03-DEC-81       3000                    20                                                                                                                   
      7934 MILLER     CLERK           7782 23-JAN-82       1300                    10                                                                                                                   

14 rows selected.

SQL> SELECT ENAME
  2  FROM EMP
  3  WHERE EMPNO IN (SELECT MGR
  4  FROM EMP
  5  WHERE ENAME='SMITH');

ENAME                                                                                                                                                                                                   
----------                                                                                                                                                                                              
FORD                                                                                                                                                                                                    

SQL> SELECT ENAME
  2  FROM EMP
  3  WHERE EMPNO IN (SELECT MGR
  4  FROM EMP
  5  WHERE EMPNO IN (SELECT MGR
  6  FROM EMP
  7  WHERE ENAME='ADAMS'));

ENAME                                                                                                                                                                                                   
----------                                                                                                                                                                                              
JONES                                                                                                                                                                                                   

SQL> SELECT DNAME
  2  FROM DEPT
  3  WHERE DEPTNO IN (SELECT DEPTNO
  4  FROM EMP
  5  WHERE ENAME='JONES');

DNAME                                                                                                                                                                                                   
--------------                                                                                                                                                                                          
RESEARCH                                                                                                                                                                                                

SQL> SELECT SAL
  2  FROM EMP
  3  WHERE EMPNO IN (SELECT MGR
  4  FROM EMP
  5  WHERE ENAME='MILLER');

       SAL                                                                                                                                                                                              
----------                                                                                                                                                                                              
      2450                                                                                                                                                                                              

SQL> SELECT LOC
  2  FROM DEPT
  3  WHERE DEPTNO IN (SELECT DEPTNO
  4  FROM EMP
  5  WHERE MGR IN (SELECT MGR
  6  FROM EMP
  7  WHERE ENAME='SMITH'));

LOC                                                                                                                                                                                                     
-------------                                                                                                                                                                                           
DALLAS                                                                                                                                                                                                  

SQL> SELECT ENAME
  2   FROM EMP
  3   WHERE MGR IN (SELECT EMPNO
  4   FROM EMP
  5   WHERE ENAME='BLAKE');

ENAME                                                                                                                                                                                                   
----------                                                                                                                                                                                              
ALLEN                                                                                                                                                                                                   
WARD                                                                                                                                                                                                    
MARTIN                                                                                                                                                                                                  
TURNER                                                                                                                                                                                                  
JAMES                                                                                                                                                                                                   

SQL> SELECT ENAME
  2    FROM EMP
  3    WHERE MGR IN (SELECT EMPNO
  4    FROM EMP
  5    WHERE ENAME='KING');

ENAME                                                                                                                                                                                                   
----------                                                                                                                                                                                              
JONES                                                                                                                                                                                                   
BLAKE                                                                                                                                                                                                   
CLARK                                                                                                                                                                                                   

SQL> SELECT *
  2  FROM EMP
  3  WHERE MGR IN (SELECT EMPNO
  4  FROM EMP
  5  WHERE ENAME='JONES');

     EMPNO ENAME      JOB              MGR HIREDATE         SAL       COMM     DEPTNO                                                                                                                   
---------- ---------- --------- ---------- --------- ---------- ---------- ----------                                                                                                                   
      7788 SCOTT      ANALYST         7566 19-APR-87       3000                    20                                                                                                                   
      7902 FORD       ANALYST         7566 03-DEC-81       3000                    20                                                                                                                   

SQL> SELECT ENAME
  2  FROM EMP
  3  WHERE MGR IN (SELECT EMPNO
  4  FROM EMP
  5  WHERE
  6  ;

*
ERROR at line 6:
ORA-00936: missing expression 


SQL> SELECT ENAME
  2  FROM EMP
  3  WHERE MGR IN (SELECT EMPNO
  4  FROM EMP
  5  WHERE ENAME='BLAKE');

ENAME                                                                                                                                                                                                   
----------                                                                                                                                                                                              
ALLEN                                                                                                                                                                                                   
WARD                                                                                                                                                                                                    
MARTIN                                                                                                                                                                                                  
TURNER                                                                                                                                                                                                  
JAMES                                                                                                                                                                                                   

SQL> SELECT EMPNO
  2  FROM EMP
  3  WHERE MGR IN (SELECT EMPNO
  4  FROM EMP
  5  WHERE ENAME='FORD')
  6  ;

     EMPNO                                                                                                                                                                                              
----------                                                                                                                                                                                              
      7369                                                                                                                                                                                              

SQL> SELECT COUNT(EMPNO)
  2  FROM EMP
  3  WHERE MGR IN (SELECT EMPNO
  4  FROM EMP
  5  WHERE ENAME='FORD')
  6  ;

COUNT(EMPNO)                                                                                                                                                                                            
------------                                                                                                                                                                                            
           1                                                                                                                                                                                            

SQL> SPOOL OFF;
