SQL> SET LINES 200 PAGES 200;
SQL> SELECT SAL*12 AS ANNUAL_SAL
  2  FROM EMP
  3  WHERE ENAME IN 'SMITH';

ANNUAL_SAL                                                                                                                                                                                              
----------                                                                                                                                                                                              
      9600                                                                                                                                                                                              

SQL> SELECT ENAME
  2  FROM EMP
  3  WHERE JOB IN 'SALESMAN';

ENAME                                                                                                                                                                                                   
----------                                                                                                                                                                                              
ALLEN                                                                                                                                                                                                   
WARD                                                                                                                                                                                                    
MARTIN                                                                                                                                                                                                  
TURNER                                                                                                                                                                                                  

SQL> SELECT SAL
  2  FROM EMP
  3  WHERE JOB IN 'SALESMAN';

       SAL                                                                                                                                                                                              
----------                                                                                                                                                                                              
      1600                                                                                                                                                                                              
      1250                                                                                                                                                                                              
      1250                                                                                                                                                                                              
      1500                                                                                                                                                                                              

SQL> SELECT *
  2  FROM EMP
  3  WHERE SAL >2000 ;

     EMPNO ENAME      JOB              MGR HIREDATE         SAL       COMM     DEPTNO                                                                                                                   
---------- ---------- --------- ---------- --------- ---------- ---------- ----------                                                                                                                   
      7566 JONES      MANAGER         7839 02-APR-81       2975                    20                                                                                                                   
      7698 BLAKE      MANAGER         7839 01-MAY-81       2850                    30                                                                                                                   
      7782 CLARK      MANAGER         7839 09-JUN-81       2450                    10                                                                                                                   
      7788 SCOTT      ANALYST         7566 19-APR-87       3000                    20                                                                                                                   
      7839 KING       PRESIDENT            17-NOV-81       5000                    10                                                                                                                   
      7902 FORD       ANALYST         7566 03-DEC-81       3000                    20                                                                                                                   

6 rows selected.

SQL> SELECT *
  2  FROM EMP
  3  WHERE ENAME IN 'JONES';

     EMPNO ENAME      JOB              MGR HIREDATE         SAL       COMM     DEPTNO                                                                                                                   
---------- ---------- --------- ---------- --------- ---------- ---------- ----------                                                                                                                   
      7566 JONES      MANAGER         7839 02-APR-81       2975                    20                                                                                                                   

SQL> SELECT ENAME , SAL , SAL*12 AS ANNUAL_SAL
  2  FROM EMP
  3  WHERE SAL*12 > 12000;

ENAME             SAL ANNUAL_SAL                                                                                                                                                                        
---------- ---------- ----------                                                                                                                                                                        
ALLEN            1600      19200                                                                                                                                                                        
WARD             1250      15000                                                                                                                                                                        
JONES            2975      35700                                                                                                                                                                        
MARTIN           1250      15000                                                                                                                                                                        
BLAKE            2850      34200                                                                                                                                                                        
CLARK            2450      29400                                                                                                                                                                        
SCOTT            3000      36000                                                                                                                                                                        
KING             5000      60000                                                                                                                                                                        
TURNER           1500      18000                                                                                                                                                                        
ADAMS            1100      13200                                                                                                                                                                        
FORD             3000      36000                                                                                                                                                                        
MILLER           1300      15600                                                                                                                                                                        

12 rows selected.

SQL> SELECT ENAME
  2  FROM EMP
  3  WHERE TO_CHAR(HIREDATE,YEAR) / 4=0 AND TO_CHAR(HIREDATE,YEAR) / 400 =0;
WHERE TO_CHAR(HIREDATE,YEAR) / 4=0 AND TO_CHAR(HIREDATE,YEAR) / 400 =0
                                                        *
ERROR at line 3:
ORA-00904: "YEAR": invalid identifier 


SQL> SELECT ENAME
  2  FROM EMP
  3  WHERE TO_CHAR(HIREDATE,'YYYY') / 4=0 AND TO_CHAR(HIREDATE,'YYYY')/400=0;

no rows selected

SQL> SELECT HIREDATE
  2  FROM EMP
  3  WHERE TO_CHAR(HIREDATE,'YYYY');
WHERE TO_CHAR(HIREDATE,'YYYY')
                             *
ERROR at line 3:
ORA-00920: invalid relational operator 


SQL> SELECT TO_CHAR(HIREDATE,'YYYY');
SELECT TO_CHAR(HIREDATE,'YYYY')
                              *
ERROR at line 1:
ORA-00923: FROM keyword not found where expected 


SQL> SELECT TO_CHAR(HIREDATE,'YYYY')
  2  FROM EMP;

TO_C                                                                                                                                                                                                    
----                                                                                                                                                                                                    
1980                                                                                                                                                                                                    
1981                                                                                                                                                                                                    
1981                                                                                                                                                                                                    
1981                                                                                                                                                                                                    
1981                                                                                                                                                                                                    
1981                                                                                                                                                                                                    
1981                                                                                                                                                                                                    
1987                                                                                                                                                                                                    
1981                                                                                                                                                                                                    
1981                                                                                                                                                                                                    
1987                                                                                                                                                                                                    
1981                                                                                                                                                                                                    
1981                                                                                                                                                                                                    
1982                                                                                                                                                                                                    

14 rows selected.

SQL> SELECT ENAME
  2  FROM EMP
  3  WHERE TO_CHAR(HIREDATE,'YY')/4=0 AND TO_CHAR(HIREDATE,'YY')/400=0;

no rows selected

SQL> SELECT ENAME
  2  FROM EMP
  3  WHERE MOD(TO_CHAR(HIREDATE,'YYYY'),4)=0 AND MOD(TO_CHAR(HIREDATE,'YYYY'),100) !=100 AND MOD(TO_CHAR(HIREDATE,'YYYY'),400)=0;

no rows selected

SQL> SELECT ENAME
  2  FROM EMP
  3  WHERE MOD(TO_CHAR(HIREDATE,'YYYY'),4)=0 AND MOD(TO_CHAR(HIREDATE,'YYYY'),100) !=0 AND MOD(TO-CHAR(HIREDATE,'YYYY'),400)=0;
WHERE MOD(TO_CHAR(HIREDATE,'YYYY'),4)=0 AND MOD(TO_CHAR(HIREDATE,'YYYY'),100) !=0 AND MOD(TO-CHAR(HIREDATE,'YYYY'),400)=0
                                                                                          *
ERROR at line 3:
ORA-00936: missing expression 


SQL> SET LINES 300 PAGES 300;
SQL> INSERT INTO
  2  EMP
  3  (EMPNO,HIREDATE)
  4  VALUES
  5  (3466,'12-JUL-20');

1 row created.

SQL> SELECT ENAME
  2  FROM EMP
  3  WHERE MOD(TO_CHAR(HIREDATE,'YYYY'),4) =0;

ENAME                                                                                                                                                                                                                                                                                                       
----------                                                                                                                                                                                                                                                                                                  
                                                                                                                                                                                                                                                                                                            
SMITH                                                                                                                                                                                                                                                                                                       

SQL> SELECT *
  2  FROM EMP
  3  WHERE MOD(TO_CHAR(HIREDATE,'YYYY'),4) = 0;

     EMPNO ENAME      JOB              MGR HIREDATE         SAL       COMM     DEPTNO                                                                                                                                                                                                                       
---------- ---------- --------- ---------- --------- ---------- ---------- ----------                                                                                                                                                                                                                       
      3466                                 12-JUL-20                                                                                                                                                                                                                                                        
      7369 SMITH      CLERK           7902 17-DEC-80        800                    20                                                                                                                                                                                                                       

SQL> SPOOL OFF;
